Script started on 2022-02-09 15:43:39-05:00 [TERM="xterm-256color" TTY="/dev/pts/2" COLUMNS="271" LINES="30"]
]0;gy24@remotel3: ~/cs214/labs/05[01;32mgy24@remotel3[00m:[01;34m~/cs214/labs/05[00m$ clojure
[KClojure 1.10.1
[Kuser=> [Kuser=> [Kuser=> (nao ubc[K[K[K[K[K[K[Kmap inc [ [K1 2 3 4][C[C[C[C[C[C[C[C[C)[C[C[C[C[C[C[C[C[C[C[C[C[C[C[C[C[C[C[C[C[C[C[C[C[C[C[C[C[C[C[C[C[C[K(map inc [1 2 3 4])
(2 3 4 5)
user=> [Kuser=> [Kuser=> (map inc [1 2 3 4])[C[1P[1P[1P[1@-[C[C[C[C[C[C[C[C[C[C[C[C[C[C[C[C[C[C[K(map - [1 2 3 4])
(-1 -2 -3 -4)
user=> [Kuser=> [Kuser=> (map - [1 2 3 4])[C[K [ [K1 2 3 4][C[C[C[C[C[C[C[C[C)[C[C[C[C[C[C[C[C[C[C[C[C[C[C[C[C[C[C[C[C[C[C[C[C[C[C[C[C[C[C[C[C[C[C[C[C[C[C[C[C[C[K(map - [1 2 3 4] [1 2 3 4])
(0 0 0 0)
user=> [Kuser=> [Kuser=> (map - [1 2 3 4] [1 2 3 4]))[K[C[1P[1@e[1@v[1@e[1@n[1@?[C[C[C[C[C[C[C[C[C[C[C[C[C[C[C[C[C[C[K(map even? [1 2 3 4])
(false true false true)
user=> [Kuser=> [Kuser=> (map str[[K [""[Ka" "b" "c"][C[C[C[C[C[C[C[C[C[C[C[C[C ["A" "B" "C"][C[C[C[C[C[C[C[C[C[C[C[C[C)[C[C[C[C[C[C[C[C[C[C[C[C[C[C[C[C[C[C[C[C[C[C[C[C[C[C[C[C[C[C[C[C[C[C[C[C[C[C[C[C[C[C[C[C[C[C[C[C[C[C[C[K(map str ["a" "b" "c"] ["A" "B" "C"])
("aA" "bB" "cC")
user=> [Kuser=> [Kuser=> (map count [[11][C[C[C[C [11 22][C[C[C[C[C[C[C [11 22 33][C[C[C[C[C[C[C[C[C[C][C[C[C[C[C[C[C[C[C[C[C[C[C[C[C[C[C[C[C[C[C[C[C[C[C[C[C[C[C[C[C[C[C[C[C[C[C[C[C[C[C[C[C)[C[C[C[C[C[C[C[C[C[C[C[C[C[C[C[C[C[C[C[C[C[C[C[C[C[C[C[C[C[C[C[C[C[C[C[C[C[C[C[C[C[C[C[C[C[C[C[C[C[C[C[K(map count [[11] [11 22] [11 22 33]])
(1 2 3)
user=> [Kuser=> [Kuser=> (map + [1 2 3 4][C[C[C[C[C[C[C[C[C [1 2 3 4][C[C[C[C[C[C[C[C[C)[C[C[C[C[C[C[C[C[C[C[C[C[C[C[C[C[C[C[C[C[C[C[C[C[C[C[C[C[C[C[C[C[C[C[C[C[C[C[C[C[C[K(map + [1 2 3 4] [1 2 3 4])
(2 4 6 8)
user=> [Kuser=> [Kuser=> (map + [1 2 3 4] [1 2 3 4])[C[1P[1@*[C[C[C[C[C[C[C[C[C[C[C[C[C[C[C[C[C[C[C[C[C[C[C[C[C[C[C[C[K(map * [1 2 3 4] [1 2 3 4])
(1 4 9 16)
user=> [Kuser=> [Kuser=> (Math/abs -3)[C[C[C[C[C[C[C[C[C[C[C[C[C[C[C[C[C[C[C[C[C[C[C[C[C[C[C[K(Math/abs -3)
3
user=> [Kuser=> [Kuser=> (map Math/abs [-1 -2 -3 4 -5][C[C[C[C[C[C[C[C[C[C[C[C[C[C[C)[C[C[C[C[C[C[C[C[C[C[C[C[C[C[C[C[C[C[C[C[C[C[C[C[C[C[C[C[C[C[C[C[C[C[C[C[C[C[C[C[C[C[C[C[K(map Math/abs [-1 -2 -3 4 -5])
Syntax error compiling at (REPL:1:1).
Unable to find static field: abs in class java.lang.Math
user=> [Kuser=> [Kuser=> (map (fn [x][C[C[C (if (< x 0)[C[C[C[C[C[C[C (-x)[C[C[C[C x_[K)[C[C[C[C[C[C[C[C[C[C[C[C[C[C[C[C[C[C[C)[C[C[C[C[C[C[C[C[C[C[C[C[C[C[C[C[C[C[C[C[C[C[C[C[C[C[C[C[C[C[C[C[C[C[C[C[C[C[C[C [-1 2 -3 4 -5][C[C[C[C[C[C[C[C[C[C[C[C[C[C)[C[C[C[C[C[C[C[C[C[C[C[C[C[C[C[C[C[C[C[C[C[C[C[C[C[C[C[C[C[C[C[C[C[C[C[C[C[C[C[C[C[C[C[C[C[C[C[C[C[C[C[C[C[C[C[C[C[C[C[C[C[C[C[K(map (fn [x] (if (< x 0) (-x) x)) [-1 2 -3 4 -5])
[KSyntax error compiling at (REPL:1:26).
Unable to resolve symbol: -x in this context
user=> [Kuser=> [Kuser=> (map (fn [x] (if (< x 0) (-x) x)) [-1 2 -3 4 -5])[1@ [1P[C[1@ [C[C[C[C[C[C[C[C[C[C[C[C[C[C[C[C[C[C[C[C[C[C[C[C[C[C[C[C[C[K(map (fn [x] (if (< x 0) (- x) x)) [-1 2 -3 4 -5])
(1 2 3 4 5)
user=> [Kuser=> [Kuser=> (defn subttr[K[Kract-n [n sequence][C[C[C[C[C[C[C[C[C[C[C[C (map[K[Kap (fn [x][C[C[C (- x n)[C[C[C[C[C[C[C)[C[C[C[C[C[C[C[C[C[C[C[C[C[C[C[C sequence)[C[C[C[C[C[C[C[C[C[C[C[C[C[C[C[C[C[C[C[C[C[C[C[C[C[C[C[C[C[C[C)[C[C[C[C[C[C[C[C[C[C[C[C[C[C[C[C[C[C[C[C[C[C[C[C[C[C[C[C[C[C[C[C[C[C[C[C[C[C[C[C[C[C[C[C[C[C[C[C[C[C[C[C[C[C[C[C[C[C[C[C[C[C[C[C[C[C[C[C[C[C[C[C[C[C[C[C[K(defn subtract-n [n sequence] (map (fn [x] (- x n)) sequence))
#'user/subtract-n
user=> [Kuser=> [Kuser=> (subtrea[K[K[Kract-n 2 [5 6 7 8][C[C[C[C[C[C[C[C[C)[C[C[C[C[C[C[C[C[C[C[C[C[C[C[C[C[C[C[C[C[C[C[C[C[C[C[C[C[C[C[C[C[C[C[C[C[C[C[K(subtract-n 2 [5 6 7 8])
(3 4 5 6)
user=> [Kuser=> [Kuser=> (filter odd? [1 2 3 4][C[C[C[C[C[C[C[C[C)[C[C[C[C[C[C[C[C[C[C[C[C[C[C[C[C[C[C[C[C[C[C[C[C[C[C[C[C[C[C[C[C[C[C[C[C[C[K(filter odd? [1 2 3 4])
(1 3)
user=> [Kuser=> [Kuser=> (filter eve[K[K[K[K[K[K[K[K[K[K[K(filter odd? [1 2 3 4])[C[C[1P[1P[1P[1@e[1@v[1@e[1@n[C[C[C[C[C[C[C[K(filter even? [1 2 3 4])
(2 4)
user=> [Kuser=> [Kuser=> (filter even? [1 2 3 4])[1P[1P[1P[1P[1@n[1@e[1@g[C[C[C[C[C[C[C[K(filter neg? [1 2 3 4])
()
user=> [Kuser=> [Kuser=> (filter neg? [1 2 3 4])[C[C[C[C[1@-[C[C[C[1@ [1@2[1P[1@1[C[1@ [1@-[1P[1P[C[1@ [1P[C[C[1@ [1@-[1@2[C[1@ [1@3[C[1@-[C[C[C-])[1P]) ])-])4])[C[C[C[C[C[C[C[C[C[K(filter neg? [-1 1 2 -2 3 -3 4 -4])
(-1 -2 -3 -4)
user=> [Kuser=> [Kuser=> (filter neg? [-1 1 2 -2 3 -3 4 -4])[C[1P[1P[1P[1@p[1@o[1@s[C[C[C[C[C[C[C[C[C[C[C[C[C[C[C[C[C[C[C[C[C[C[1P])[1P])[1P])[1P])[1P])[C[C[C[C[C[C[C[C[C[K(filter pos? [-1 1 2 -2 3 -3])
(1 2 3)
user=> [Kuser=> [Kuser=> (filter (fn [x][C[C[C (and (pos? x)[C[C[C[C[C[C[C[C (env[K[Kven? x)[C[C[C[C[C[C[C[C[C)[C[C[C[C[C[C[C[C[C[C[C[C[C[C[C[C[C[C[C[C[C[C[C[C)[C[C[C[C[C[C[C[C[C[C[C[C[C[C[C[C[C[C[C[C[C[C[C[C[C[C[C[C[C[C[C[C[C[C[C[C[C[C[C[C[C[C[C[C[C[C[C[C [-1 1 -2 2 -3 3 -4 4][C[C[C[C[C[C[C[C[C[C[C[C[C[C[C[C[C[C[C[C[C)[C[C[C[C[C[C[C[C[C[C[C[C[C[C[C[C[C[C[C[C[C[C[C[C[C[C[C[C[C[C[C[C[C[C[C[C[C[C[C[C[C[C[C[C[C[C[C[C[C[C[C[C[C[C[C[C[C[C[C[C[C[C[C[C[C[C[C[C[C[C[C[C[C[C[C[C[C[C[K(filter (fn [x] (and (pos? x) (even? x))) [-1 1 -2 2 -3 3 -4 4])
(2 4)
user=> [Kuser=> [Kuser=> (filter (fn [x] (and (pos? x) (even? x))) [-1 1 -2 2 -3 3 -4 4])[1P[1P[1P[1@m[1@e[1P[1P[1@n[1@e[1@g[C[C[C[C[C[C[C[C[C[1P[C[1P[1P[1P[1@o[1@d[1@d[C[C[C[C[C[C[C[K(filter (fn [x] (and (neg? x) (odd? x))) [-1 1 -2 2 -3 3 -4 4])
(-1 -3)
user=> [Kuser=> [Kuser=> (filter (fn [x] (and (neg? x) (odd? x))) [-1 1 -2 2 -3 3 -4 4])[1P[C[1P[1P[1@o[1@r[C[C[C[C[C[C[C[K(filter (fn [x] (or (neg? x) (odd? x))) [-1 1 -2 2 -3 3 -4 4])
(-1 1 -2 -3 3 -4)
user=> [Kuser=> [Kuser=> 
[K]0;gy24@remotel3: ~/cs214/labs/05[01;32mgy24@remotel3[00m:[01;34m~/cs214/labs/05[00m$ exit

Script done on 2022-02-09 15:54:31-05:00 [COMMAND_EXIT_CODE="0"]
