Script started on 2022-02-09 16:25:29-05:00 [TERM="xterm-256color" TTY="/dev/pts/2" COLUMNS="271" LINES="30"]
]0;gy24@remotel3: ~/cs214/labs/05[01;32mgy24@remotel3[00m:[01;34m~/cs214/labs/05[00m$ clojure
[KClojure 1.10.1
[Kuser=> [Kuser=> [Kuser=> (reu[Kduce + [1 2 3][C[C[C[C[C[C[C)[C[C[C[C[C[C[C[C[C[C[C[C[C[C[C[C[C[C[C[C[C[C[C[C[C[C[C[C[C[C[C[C[K(reduce + [1 2 3])
6
user=> [Kuser=> [Kuser=> (reduce + ' (1 2 3)[C[C[C[C[C[C[C)[C[C[C[C[C[C[C[K(reduce + ' (1 2 3))
6
user=> [Kuser=> [Kuser=> (reduce mna[K[Kax [1 2 3][C[C[C[C[C[C[C)[C[C[C[C[C[C[C[C[C[C[C[C[C[C[C[C[C[C[C[C[C[C[C[C[C[C[C[C[C[C[C[C[C[C[K(reduce max [1 2 3])
3
user=> [Kuser=> [Kuser=> (reduce cibj[K[K[Konj [1 2 3][C[C[C[C[C[C[C [4 5 6][C[C[C[C[C[C[C)[C[C[C[C[C[C[C[C[C[C[C[C[C[C[C[C[C[C[C[C[C[C[C[C[C[C[C[C[C[C[C[C[C[C[C[C[C[C[C[C[C[C[C[K(reduce conj [1 2 3] [4 5 6])
[1 2 3 4 5 6]
user=> [Kuser=> [Kuser=> (reduce + [1 2 3 4 5][C[C[C[C[C[C[C[C[C[C[C)[C[C[C[C[C[C[C[C[C[C[C[C[C[C[C[C[C[C[C[C[C[C[C[C[C[C[C[C[C[C[C[C[C[C[C[C[K(reduce + [1 2 3 4 5])
15
user=> [Kuser=> [Kuser=> (reduce + 1 '(2 3 4 5)[C[C[C[C[C[C[C[C[C)[C[C[C[C[C[C[C[K(reduce + 1 '(2 3 4 5))
15
user=> [Kuser=> [Kuser=> (reduce[K[K[K[K[K[K[K(reduce + 1 '(2 3 4 5))[C[1P[C[C[C[C[C[C[C[K(reduce + 1 (2 3 4 5))
Execution error (ClassCastException) at user/eval13 (REPL:1).
class java.lang.Long cannot be cast to class clojure.lang.IFn (java.lang.Long is in module java.base of loader 'bootstrap'; clojure.lang.IFn is in unnamed module of loader 'app')
user=> [Kuser=> [Kuser=> (reduce + 1 (2 3 4 5))[C[K{)[1P)])[1P[1@[[C[C[C[C[C[C[C[K(reduce + 1 [2 3 4 5])
15
user=> [Kuser=> [Kuser=> (reduce + 1 [2 3 4 5])(2 3 4 5))[1@'[C[C[C[C[C[C[C[C[C[C[1P[1 2 3 4 5])conj [1 2 3] [4 5 6])[C[C[C[C[C[C[C[C[C[C[C[C[C[C[C[9Pmax [1 2 3])[C[1@ [1@5[C[C[C[1@4[1@ [1@3[1@ [1@2[1@ [C[1@1[C[C[C[C[C[C[C[1P])[1P])[1P])[1P])[1P])[C[C[C[C[C[C[C[K(reduce max 5 [4 3 2 1])
5
user=> [Kuser=> [Kuser=> (reduce bit-or [1 2 3 4][C[C[C[C[C[C[C[C[C)[C[C[C[C[C[C[C[C[C[C[C[C[C[C[C[C[C[C[C[C[C[C[C[C[C[C[C[C[C[C[C[C[C[C[C[C[C[C[C[K(reduce bit-or [1 2 3 4])
7
user=> [Kuser=> [Kuser=> (reduce str [a[K"a" "b'[K" "c"][C[C[C[C[C[C[C[C[C[C[C[C[C)[C[C[C[C[C[C[C[C[C[C[C[C[C[C[C[C[C[C[C[C[C[C[C[C[C[C[C[C[C[C[C[C[C[C[C[C[C[C[C[C[K(reduce str ["a" "b" "c"])
"abc"
user=> [Kuser=> [Kuser=> (reduce + 1 2 [3 4 5][C[C[C[C[C[C[C)[C[C[C[C[C[C[C[C[C[C[C[C[C[C[C[C[C[C[C[C[C[C[C[C[C[C[C[C[C[C[C[C[C[C[C[C[K(reduce + 1 2 [3 4 5])
Execution error (ArityException) at user/eval23 (REPL:1).
Wrong number of args (4) passed to: clojure.core/reduce
user=> [Kuser=> [Kuser=> (reduce + 1 '(2 3 4)[C[C[C[C[C[C[C 5)[C[C[C[C[C[C[C[K(reduce + 1 '(2 3 4) 5)
Execution error (ArityException) at user/eval25 (REPL:1).
Wrong number of args (4) passed to: clojure.core/reduce
user=> [Kuser=> [Kuser=> (defn s[Kcsv [seq][C[C[C[C[C (reduce (fn [a v[Kb][C[C[C[C[C (str a "," b)[C[C[C[C[C[C[C[C[C[C[C[C[C)[C[C[C[C[C[C[C[C[C[C[C[C[C[C[C[C[C[C[C[C[C[C[C[C seq)[C[C[C[C[C[C[C[C[C[C[C[C[C[C[C[C[C[C[C[C[C[C[C[C[C[C[C[C[C[C[C[C[C[C[C[C[C[C[C[C[C[C[C[C[C[C[C[C[C[C[C[C[C[C[C[C[C[C[C[C)[C[C[C[C[C[C[C[C[C[C[C[C[C[C[C[C[C[C[C[C[C[C[C[C[C[C[C[C[C[C[C[C[C[C[C[C[C[C[C[C[C[C[C[C[C[C[C[C[C[C[C[C[C[C[C[C[C[C[C[C[C[C[C[C[C[C[C[C[K(defn csv [seq] (reduce (fn [a b] (str a "," b)) seq))
[K#'user/csv
user=> [Kuser=> [Kuser=> (csv [11 22 33][C[C[C[C[C[C[C[C[C[C)[C[C[C[C[C[C[C[C[C[C[C[C[C[C[C[C[C[C[C[C[C[C[C[C[C[C[C[C[C[C[K(csv [11 22 33])
"11,22,33"
user=> [Kuser=> [Kuser=> (defn totalY[KItems [seqOfSeqs][C[C[C[C[C[C[C[C[C[C[C (reduce + (map count seqOfSeqs)[C[C[C[C[C[C[C[C[C[C[C[C[C[C[C[C[C[C[C[C[C)[C[C[C[C[C[C[C[C[C[C[C[C[C[C[C[C[C[C[C[C[C[C[C[C[C[C[C[C[C[C[C[C)[C[C[C[C[C[C[C[C[C[C[C[C[C[C[C[C[C[C[C[C[C[C[C[C[C[C[C[C[C[C[C[C[C[C[C[C[C[C[C[C[C[C[C[C[C[C[C[C[C[C[C[C[C[C[C[C[C[C[C[C[C[C[C[C[C[C[C[C[C[C[C[C[C[C[C[C[K(defn totalItems [seqOfSeqs] (reduce + (map count seqOfSeqs)))
#'user/totalItems
user=> [Kuser=> [Kuser=> (toi[KtalItems [["Ann"][C[C[C[C[C[C[C [""B"o"b"[C "Christ[K"][C[C[C[C[C[C[C[C[C[C[C[C[C[C[C ["Dan" "Eve" "Fred"][C[C[C[C[C[C[C[C[C[C[C[C[C[C[C[C[C[C[C[C][C[C[C[C[C[C[C[C[C[C[C[C[C[C[C[C[C[C[C[C[C[C[C[C[C[C[C[C[C[C[C[C[C[C[C[C[C[C[C[C[C[C[C[C[C[C[C[C[C[C[C[C[C[C[C[C[C[C[C[C[C[C[C[C[C)[C[C[C[C[C[C[C[C[C[C[C[C[C[C[C[C[C[C[C[C[C[C[C[C[C[C[C[C[C[C[C[C[C[C[C[C[C[C[C[C[C[C[C[C[C[C[C[C[C[C[C[C[C[C[C[C[C[C[C[C[C[C[C[C[C[C[C[C[C[C[C[C[C[K(totalItems [["Ann"] ["Bob" "Chris"] ["Dan" "Eve" "Fred"]])
6
user=> [Kuser=> [Kuser=> 
[K]0;gy24@remotel3: ~/cs214/labs/05[01;32mgy24@remotel3[00m:[01;34m~/cs214/labs/05[00m$ exit

Script done on 2022-02-09 16:31:54-05:00 [COMMAND_EXIT_CODE="0"]
