Script started on 2022-02-09 17:17:35-05:00 [TERM="xterm-256color" TTY="/dev/pts/2" COLUMNS="271" LINES="30"]
]0;gy24@remotel3: ~/cs214/labs/05[01;32mgy24@remotel3[00m:[01;34m~/cs214/labs/05[00m$ (defnm[K incMaker [incValuer[K] #(+ % incVasl[K[Klue)[K[K[K[K[K[K[K[K[K[K[K[K[K[K[K[K[K[K[K[K[K[K[K[K[K[K[K[K[K[K[K[K[K[K[K[K[K[K[K[K[Kclojure
[KClojure 1.10.1
[Kuser=> [Kuser=> [Kuser=> (defn incMaker [incValue][C[C[C[C[C[C[C[C[C[C #(+ % incValue)[C[C[C[C[C[C[C[C[C[C[C[C[C[C)[C[C[C[C[C[C[C[C[C[C[C[C[C[C[C[C[C[C[C[C[C[C[C[C[C[C[C[C[C[C[C[C[C[C[C[C[C[C[C[C[C[C[C[C[C[C[C[C[C[C[C[C[C[C[C[C[K(defn incMaker [incValue] #(+ % incValue))
[K#'user/incMaker
user=> [Kuser=> [Kuser=> (def inc5 (incMaker 5)[C[C[C[C[C[C[C[C[C[C[C[C)[C[C[C[C[C[C[C[C[C[C[C[C[C[C[C[C[C[C[C[C[C[C[C[C[C[C[C[C[C[C[C[C[C[C[C[C[C[K(def inc5 (incMaker 5))
#'user/inc5
user=> [Kuser=> [Kuser=> inc[K[K[K(inc5 (10)[C[C[C[C)[C[C[C[C[C[C[C[C[C[C[C[C[C[C[C[C[C[C[C[C[C[C[C[C[C[K(inc5 (10))
Execution error (ClassCastException) at user/eval141 (REPL:1).
class java.lang.Long cannot be cast to class clojure.lang.IFn (java.lang.Long is in module java.base of loader 'bootstrap'; clojure.lang.IFn is in unnamed module of loader 'app')
user=> [Kuser=> [Kuser=> inc5 (1)[C[C[C[Kinc5 (1)
#object[user$incMaker$fn__138 0x6b580b88 "user$incMaker$fn__138@6b580b88"]
Execution error (ClassCastException) at user/eval143 (REPL:1).
class java.lang.Long cannot be cast to class clojure.lang.IFn (java.lang.Long is in module java.base of loader 'bootstrap'; clojure.lang.IFn is in unnamed module of loader 'app')
user=> [Kuser=> [Kuser=> inc5 1[Kinc5 1
#object[user$incMaker$fn__138 0x6b580b88 "user$incMaker$fn__138@6b580b88"]
1
user=> [Kuser=> [Kuser=> (inc5 1)[C[C[C[C[C[C[C[C[K(inc5 1)
6
user=> [Kuser=> [Kuser=> (defbn[K[Kn grea[KetingBuilder [greeting][C[C[C[C[C[C[C[C[C[C (fn [visitor][C[C[C[C[C[C[C[C[C (str greeting "," visitors "!")[C[C[C[C[C[C[C[C[C[C[C[C[C[C[C[C[C[C[C[C[C[C[C[C[C[C[C[C[C[C[C)[C[C[C[C[C[C[C[C[C[C[C[C[C[C[C[C[C[C[C[C[C[C[C[C[C[C[C[C[C[C[C[C[C[C[C[C[C[C[C[C[C[C[C[C[C[C[C[C[C[C[C[C[C[C[C[C[C[C[C[C[C[C[C[C[C[C[C[C[C[C[C[C[C[C[C[C[C[C[C[C[C[C[C[C[C[C)[C[C[C[C[C[C[C[C[C[C[C[C[C[C[C[C[C[C[C[C[C[C[C[C[C[C[C[C[C[C[C[C[C[C[C[C[C[C[C[C[C[C[C[C[C[C[C[C[C[C[C[C[C[C[C[C[C[C[C[C[C[C[C[C[C[C[C[C[C[C[C[C[C[C[C[C[C[C[C[C[C[C[C[C[C[C[C[C[C[C[C[C[C[C[K(defn greetingBuilder [greeting] (fn [visitor] (str greeting "," visitors "!")))
Syntax error compiling at (REPL:1:48).
Unable to resolve symbol: visitors in this context
user=> [Kuser=> [Kuser=> (defn greetingBuilder [greeting] (fn [visitor] (str greeting "," visitors "!")))[1@ [C[C[C[C[C[C[C[K(defn greetingBuilder [greeting] (fn [visitor] (str greeting ", " visitors "!")))
Syntax error compiling at (REPL:1:48).
Unable to resolve symbol: visitors in this context
user=> [Kuser=> [Kuser=> (defn greetingBuilder [greeting] (fn [visitor] (str greeting ", " visitors "!")))[1P "!")))[C[C[C[C[C[C[C[K(defn greetingBuilder [greeting] (fn [visitor] (str greeting ", " visitor "!")))
#'user/greetingBuilder
user=> [Kuser=> [Kuser=> (def csGreeting (greetingBuilder ""W"e"l"c"o"m" "t"o" "C"S" "2"1"4"[C)[C[C[C[C[C[C[C[C[C[C[C[C[C[C[C[C[C[C[C[C[C[C[C[C[C[C[C[C[C[C[C[C[C[C[C[C[C[C[C[C[C[C[C[C[C[C[C[C[C[C[C[C[C[C[C[C[C[C[C)[C[C[C[C[C[C[C[C[C[C[C[C[C[C[C[C[C[C[C[C[C[C[C[C[C[C[C[C[C[C[C[C[C[C[C[C[C[C[C[C[C[C[C[C[C[C[C[C[C[C[C[C[C[C[C[C[C[C[C[C[C[C[C[C[C[C[C[K(def csGreeting (greetingBuilder "Welcom to CS 214"))
#'user/csGreeting
user=> [Kuser=> [Kuser=> (def englishGreeting (grr[KeetingBuilder "Hello!")[C[C[C[C[C[C[C[C[C[C[C[C[C[C[C[C[C[C[C[C[C[C[C[C[C[C)[C[C[C[C[C[C[C[C[C[C[C[C[C[C[C[C[C[C[C[C[C[C[C[C[C[C[C[C[C[C[C[C[C[C[C[C[C[C[C[C[C[C[C[C[C[C[C[C[C[C[C[C[C[C[C[C[C[C[C[C[C[C[K(def englishGreeting (greetingBuilder "Hello!"))
#'user/englishGreeting
user=> [Kuser=> [Kuser=> (def fe[KrenchGreeting (grr[KeetingBuilder "Bonjour")[C[C[C[C[C[C[C[C[C[C[C[C[C[C[C[C[C[C[C[C[C[C[C[C[C[C[C)[C[C[C[C[C[C[C[C[C[C[C[C[C[C[C[C[C[C[C[C[C[C[C[C[C[C[C[C[C[C[C[C[C[C[C[C[C[C[C[C[C[C[C[C[C[C[C[C[C[C[C[C[C[C[C[C[C[C[C[C[C[C[K(def frenchGreeting (greetingBuilder "Bonjour"))
#'user/frenchGreeting
user=> [Kuser=> [Kuser=> (csGreeting "Ann")[C[C[C[C[C[C[C[C[C[C[C[C[C[C[C[C[C[C[C[C[C[C[C[C[C[C[C[C[C[C[C[C[K(csGreeting "Ann")
"Welcom to CS 214, Ann!"
user=> [Kuser=> [Kuser=> (englishGreeting "Chrsit[K[K[Kis")[C[C[C[C[C[C[C[C[C[C[C[C[C[C[C[C[C[C[C[C[C[C[C[C[C[C[C[C[C[C[C[C[C[C[C[C[C[C[C[K(englishGreeting "Chris")
"Hello!, Chris!"
user=> [Kuser=> [Kuser=> (frechGreeting "Chris")[C[C[C[C[C[C[C[C[C[C[C[C[C[C[C[C[C[C[C[C[C[C[C[C[C[C[C[C[C[C[C[C[C[C[C[C[C[K(frechGreeting "Chris")
Syntax error compiling at (REPL:1:1).
Unable to resolve symbol: frechGreeting in this context
user=> [Kuser=> [Kuser=> (frechGreeting "Chris")[C[1@n[K(frenchGreeting "Chris")
"Bonjour, Chris!"
user=> [Kuser=> [Kuser=> 
[K]0;gy24@remotel3: ~/cs214/labs/05[01;32mgy24@remotel3[00m:[01;34m~/cs214/labs/05[00m$ exit

Script done on 2022-02-09 17:24:18-05:00 [COMMAND_EXIT_CODE="0"]
